Simple diff updating optipng to 0.7.8

Previous versions suffered from a buffer overflow in the GIF
decoder.


diff /usr/ports
commit - 4757bf975713417bec00c44757c02a21c3b6b956
path + /usr/ports
blob - 0d3b98856492b3535664e4900d1b5582f41e6b7b
file + graphics/optipng/Makefile
[1m--- graphics/optipng/Makefile[0m
[1m+++ graphics/optipng/Makefile[0m
[2m@@ -1,7 +1,6 @@[0m[0m[0m
 COMMENT =                lossless PNG optimizer
[31m-DISTNAME =                optipng-0.7.7[0m
[38;2;0;255;0m+DISTNAME =                optipng-0.7.8[0m
 CATEGORIES =                graphics
[31m-REVISION =                1[0m
 
 HOMEPAGE =                https://optipng.sourceforge.net/
 
blob - 34f525b3d1ea7b210ee34d1b94c98bd76c30d01f
file + graphics/optipng/distinfo
[1m--- graphics/optipng/distinfo[0m
[1m+++ graphics/optipng/distinfo[0m
[2m@@ -1,2 +1,2 @@[0m[0m[0m
[31m-SHA256 (optipng-0.7.7.tar.gz) = TzLyM874cLP5XTrWQov+QiTvNJCPG0Kwut+FghZlRFI=[0m
[31m-SIZE (optipng-0.7.7.tar.gz) = 2329555[0m
[38;2;0;255;0m+SHA256 (optipng-0.7.8.tar.gz) = JaO9aEgfIVAsyqD0wT+E3PayAzjkxOjFHyzvvYUTOYw=[0m
[38;2;0;255;0m+SIZE (optipng-0.7.8.tar.gz) = 3294014[0m
